V3 3
FL "C:/Users/HeadHunters/Desktop/4to Semestre/DSD/Mensaje/Display.vhd" 2017/05/04.15:22:53 P.20131013
EN work/Display 1493929392 \
      FL "C:/Users/HeadHunters/Desktop/4to Semestre/DSD/Mensaje/Display.vhd" \
      PB ieee/std_logic_1164 1381692176 PB ieee/NUMERIC_STD 1381692181
AR work/Display/Behavioral 1493929393 \
      FL "C:/Users/HeadHunters/Desktop/4to Semestre/DSD/Mensaje/Display.vhd" \
      EN work/Display 1493929392
