EN estadossensores NULL "C:/Users/HeadHunters/Desktop/4to Semestre/DSD/Sensores/EstadosSensores.vhd" sub00/vhpl02 1495312235
AR estadossensores behavioral "C:/Users/HeadHunters/Desktop/4to Semestre/DSD/Sensores/EstadosSensores.vhd" sub00/vhpl03 1495312236
PB decadecounter decadecounter "C:/Users/HeadHunters/Desktop/4to Semestre/DSD/Sensores/ContadorDecadas.vhd" sub00/vhpl01 1495312234
PH decadecounter NULL "C:/Users/HeadHunters/Desktop/4to Semestre/DSD/Sensores/ContadorDecadas.vhd" sub00/vhpl00 1495312233
